
**** Build of configuration Debug for project lab12 ****

make all 
Building file: ../src/helloworld.c
Invoking: MicroBlaze gcc compiler
mb-gcc -Wall -O0 -g3 -c -fmessage-length=0 -Wl,--no-relax -I../../lab12_bsp/microblaze_0/include -mlittle-endian -mxl-barrel-shift -mxl-pattern-compare -mcpu=v8.40.b -mno-xl-soft-mul -MMD -MP -MF"src/helloworld.d" -MT"src/helloworld.d" -o"src/helloworld.o" "../src/helloworld.c"
../src/helloworld.c: In function 'main':
../src/helloworld.c:38:6: warning: implicit declaration of function 'inbyte' [-Wimplicit-function-declaration]
Finished building: ../src/helloworld.c
' '
Building target: lab12.elf
Invoking: MicroBlaze gcc linker
mb-gcc -Wl,--no-relax -Wl,-T -Wl,../src/lscript.ld -L../../lab12_bsp/microblaze_0/lib -mlittle-endian -mxl-barrel-shift -mxl-pattern-compare -mcpu=v8.40.b -mno-xl-soft-mul -o"lab12.elf"  ./src/helloworld.o ./src/platform.o   -Wl,--start-group,-lxil,-lgcc,-lc,--end-group
Finished building target: lab12.elf
' '
Invoking: MicroBlaze Print Size
mb-size lab12.elf  |tee "lab12.elf.size"
   text	   data	    bss	    dec	    hex	filename
   3110	    292	   2088	   5490	   1572	lab12.elf
Finished building: lab12.elf.size
' '
Invoking: Xilinx ELF Check
elfcheck lab12.elf -hw ../../lab12_hw_platform/system.xml -pe microblaze_0  |tee "lab12.elf.elfcheck"
elfcheck
Xilinx EDK 14.3 Build EDK_P.40xd
Copyright (c) 1995-2012 Xilinx, Inc.  All rights reserved.

Command Line: elfcheck -hw ../../lab12_hw_platform/system.xml -pe microblaze_0
lab12.elf 

ELF file	: lab12.elf
elfcheck passed.
Finished building: lab12.elf.elfcheck
' '
